// Jest Snapshot v1, https://goo.gl/fbAQLP

exports[`basketToProductsAndQuantities helper returns a correct array of products and quantities 1`] = `
Object {
  "TST123": Object {
    "name": "Test 123",
    "price": 1,
    "quantity": 2,
  },
  "TST234": Object {
    "name": "Test 234",
    "price": 1,
    "quantity": 1,
  },
}
`;
